
User@216-23 MINGW64 ~
$ cd ~/desktop
git clone https://github.com/guldan0609/Lab6.git
cd Lab6
Cloning into 'Lab6'...
remote: Enumerating objects: 9, done.
remote: Counting objects: 100% (9/9), done.
remote: Compressing objects: 100% (4/4), done.
remote: Total 9 (delta 0), reused 9 (delta 0), pack-reused 0 (from 0)
Receiving objects: 100% (9/9), done.

User@216-23 MINGW64 ~/desktop/Lab6 (master)
$ git checkout -b feature-test
Switched to a new branch 'feature-test'

User@216-23 MINGW64 ~/desktop/Lab6 (feature-test)
$ echo "Git PR туршилт" >> README.md
git add README.md
git commit -m "feat: Git PR туршилт мөр нэмэв"
warning: in the working copy of 'README.md', LF will be replaced by CRLF the next time Git touches it
Author identity unknown

*** Please tell me who you are.

Run

  git config --global user.email "you@example.com"
  git config --global user.name "Your Name"

to set your account's default identity.
Omit --global to set the identity only in this repository.

fatal: unable to auto-detect email address (got 'User@216-23.(none)')

User@216-23 MINGW64 ~/desktop/Lab6 (feature-test)
$ git config user.email "gvldangvldan@gmail.com"

User@216-23 MINGW64 ~/desktop/Lab6 (feature-test)
$ git config user.name "Gvldan"

User@216-23 MINGW64 ~/desktop/Lab6 (feature-test)
$ echo "Git PR туршилт" >> README.md

User@216-23 MINGW64 ~/desktop/Lab6 (feature-test)
$ git add README.md
warning: in the working copy of 'README.md', LF will be replaced by CRLF the next time Git touches it

User@216-23 MINGW64 ~/desktop/Lab6 (feature-test)
$ git commit -m "feat: Git PR туршилт мөр нэмэв"
[feature-test ac39b08] feat: Git PR туршилт мөр нэмэв
 1 file changed, 2 insertions(+), 1 deletion(-)

User@216-23 MINGW64 ~/desktop/Lab6 (feature-test)
$ git push origin feature-test
To https://github.com/guldan0609/Lab6.git
 ! [rejected]        feature-test -> feature-test (non-fast-forward)
error: failed to push some refs to 'https://github.com/guldan0609/Lab6.git'
hint: Updates were rejected because the tip of your current branch is behind
hint: its remote counterpart. If you want to integrate the remote changes,
hint: use 'git pull' before pushing again.
hint: See the 'Note about fast-forwards' in 'git push --help' for details.

User@216-23 MINGW64 ~/desktop/Lab6 (feature-test)
$ git push origin --delete feature-test
To https://github.com/guldan0609/Lab6.git
 - [deleted]         feature-test

User@216-23 MINGW64 ~/desktop/Lab6 (feature-test)
$ git push origin feature-test
Enumerating objects: 5, done.
Counting objects: 100% (5/5), done.
Delta compression using up to 20 threads
Compressing objects: 100% (2/2), done.
Writing objects: 100% (3/3), 336 bytes | 336.00 KiB/s, done.
Total 3 (delta 1), reused 0 (delta 0), pack-reused 0 (from 0)
remote: Resolving deltas: 100% (1/1), completed with 1 local object.
remote:
remote: Create a pull request for 'feature-test' on GitHub by visiting:
remote:      https://github.com/guldan0609/Lab6/pull/new/feature-test
remote:
To https://github.com/guldan0609/Lab6.git
 * [new branch]      feature-test -> feature-test

User@216-23 MINGW64 ~/desktop/Lab6 (feature-test)
$ git checkout master
git pull origin master
Switched to branch 'master'
Your branch is up to date with 'origin/master'.
remote: Enumerating objects: 1, done.
remote: Counting objects: 100% (1/1), done.
remote: Total 1 (delta 0), reused 0 (delta 0), pack-reused 0 (from 0)
Unpacking objects: 100% (1/1), 946 bytes | 946.00 KiB/s, done.
From https://github.com/guldan0609/Lab6
 * branch            master     -> FETCH_HEAD
   ccb312c..bbba7d9  master     -> origin/master
Updating ccb312c..bbba7d9
Fast-forward
 README.md | 3 ++-
 1 file changed, 2 insertions(+), 1 deletion(-)

User@216-23 MINGW64 ~/desktop/Lab6 (master)
$ git branch -d feature-test
Deleted branch feature-test (was ac39b08).

User@216-23 MINGW64 ~/desktop/Lab6 (master)
$ git log --oneline --graph --all
*   bbba7d9 (HEAD -> master, origin/master, origin/HEAD) Merge pull request #1 from guldan0609/feature-test
|\
| * ac39b08 (origin/feature-test) feat: Git PR туршилт мөр нэмэв
|/
* ccb312c initiallize repository

User@216-23 MINGW64 ~/desktop/Lab6 (master)
$
